]0;/home/cdswcdsw@73q97ctzx0z2xdwb:~$ [Kcdsw@73q97ctzx0z2xdwb:~$ ls
file.test  MyProjectFile  README.md
]0;/home/cdswcdsw@73q97ctzx0z2xdwb:~$ git
usage: git [--version] [--help] [-C <path>] [-c <name>=<value>]
           [--exec-path[=<path>]] [--html-path] [--man-path] [--info-path]
           [-p | --paginate | -P | --no-pager] [--no-replace-objects] [--bare]
           [--git-dir=<path>] [--work-tree=<path>] [--namespace=<name>]
           <command> [<args>]

These are common Git commands used in various situations:

start a working area (see also: git help tutorial)
   clone             Clone a repository into a new directory
   init              Create an empty Git repository or reinitialize an existing one

work on the current change (see also: git help everyday)
   add               Add file contents to the index
   mv                Move or rename a file, a directory, or a symlink
   restore           Restore working tree files
   rm                Remove files from the working tree and from the index
   sparse-checkout   Initialize and modify the sparse-checkout

examine the history and state (see also: git help revisions)
   bisect            Use binary search to find the commit that introduced a bug
   diff              Show changes between commits, commit and working tree, etc
   grep              Print lines matching a pattern
   log               Show commit logs
   show              Show various types of objects
   status            Show the working tree status

grow, mark and tweak your common history
   branch            List, create, or delete branches
   commit            Record changes to the repository
   merge             Join two or more development histories together
   rebase            Reapply commits on top of another base tip
   reset             Reset current HEAD to the specified state
   switch            Switch branches
   tag               Create, list, delete or verify a tag object signed with GPG

collaborate (see also: git help workflows)
   fetch             Download objects and refs from another repository
   pull              Fetch from and integrate with another repository or a local branch
   push              Update remote refs along with associated objects

'git help -a' and 'git help -g' list available subcommands and some
concept guides. See 'git help <command>' or 'git help <concept>'
to read about a specific subcommand or concept.
See 'git help git' for an overview of the system.
]0;/home/cdswcdsw@73q97ctzx0z2xdwb:~$ git clone 
fatal: You must specify a repository to clone.

usage: git clone [<options>] [--] <repo> [<dir>]

    -v, --verbose         be more verbose
    -q, --quiet           be more quiet
    --progress            force progress reporting
    -n, --no-checkout     don't create a checkout
    --bare                create a bare repository
    --mirror              create a mirror repository (implies bare)
    -l, --local           to clone from a local repository
    --no-hardlinks        don't use local hardlinks, always copy
    -s, --shared          setup as shared repository
    --recursive ...       alias of --recurse-submodules
    --recurse-submodules[=<pathspec>]
                          initialize submodules in the clone
    -j, --jobs <n>        number of submodules cloned in parallel
    --template <template-directory>
                          directory from which templates will be used
    --reference <repo>    reference repository
    --reference-if-able <repo>
                          reference repository
    --dissociate          use --reference only while cloning
    -o, --origin <name>   use <name> instead of 'origin' to track upstream
    -b, --branch <branch>
                          checkout <branch> instead of the remote's HEAD
    -u, --upload-pack <path>
                          path to git-upload-pack on the remote
    --depth <depth>       create a shallow clone of that depth
    --shallow-since <time>
                          create a shallow clone since a specific time
    --shallow-exclude <revision>
                          deepen history of shallow clone, excluding rev
    --single-branch       clone only one branch, HEAD or --branch
    --no-tags             don't clone any tags, and make later fetches not to follow them
    --shallow-submodules  any cloned submodules will be shallow
    --separate-git-dir <gitdir>
                          separate git dir from working tree
    -c, --config <key=value>
                          set config inside the new repository
    --server-option <server-specific>
                          option to transmit
    -4, --ipv4            use IPv4 addresses only
    -6, --ipv6            use IPv6 addresses only
    --filter <args>       object filtering
    --remote-submodules   any cloned submodules will use their remote-tracking branch
    --sparse              initialize sparse-checkout file to include only files at root

]0;/home/cdswcdsw@73q97ctzx0z2xdwb:~$ git clone ^V[K[K https://github.com/BuckeyeTerp/portal.git
Cloning into 'portal'...
TTY detected. Printing informational message about logging configuration. Logging configuration loaded from '/etc/rstudio/logging.conf'. Logging to '/home/cdsw/.local/share/rstudio/log/rpostback.log'.
TTY detected. Printing informational message about logging configuration. Logging configuration loaded from '/etc/rstudio/logging.conf'. Logging to '/home/cdsw/.local/share/rstudio/log/rpostback.log'.
remote: Support for password authentication was removed on August 13, 2021.
remote: Please see https://docs.github.com/en/get-started/getting-started-with-git/about-remote-repositories#cloning-with-https-urls for information on currently recommended modes of authentication.
fatal: Authentication failed for 'https://github.com/BuckeyeTerp/portal.git/'
]0;/home/cdswcdsw@73q97ctzx0z2xdwb:~$ ^C
]0;/home/cdswcdsw@73q97ctzx0z2xdwb:~$ Coding2022![Kgit clone https://github.com/BuckeyeTerp/portal.git[K[K[K[K[K[K[K[K[K[K[K[K[K[K[K[K[K[K[K[K[K[K[K[K[K[K[K[K[K[K[K[K[K[K[K[K[K[K[K[K[K[K[K[K[K[K[K[K[K[K[K[K[K[K[K[K[K[K[K[K[Kgit clone https://github.com/BuckeyeTerp/portal.git
Cloning into 'portal'...
TTY detected. Printing informational message about logging configuration. Logging configuration loaded from '/etc/rstudio/logging.conf'. Logging to '/home/cdsw/.local/share/rstudio/log/rpostback.log'.
TTY detected. Printing informational message about logging configuration. Logging configuration loaded from '/etc/rstudio/logging.conf'. Logging to '/home/cdsw/.local/share/rstudio/log/rpostback.log'.
remote: Support for password authentication was removed on August 13, 2021.
remote: Please see https://docs.github.com/en/get-started/getting-started-with-git/about-remote-repositories#cloning-with-https-urls for information on currently recommended modes of authentication.
fatal: Authentication failed for 'https://github.com/BuckeyeTerp/portal.git/'
]0;/home/cdswcdsw@73q97ctzx0z2xdwb:~$ git clone https://github.com/BuckeyeTerp/portal.git
Cloning into 'portal'...
TTY detected. Printing informational message about logging configuration. Logging configuration loaded from '/etc/rstudio/logging.conf'. Logging to '/home/cdsw/.local/share/rstudio/log/rpostback.log'.
TTY detected. Printing informational message about logging configuration. Logging configuration loaded from '/etc/rstudio/logging.conf'. Logging to '/home/cdsw/.local/share/rstudio/log/rpostback.log'.
remote: Enumerating objects: 10, done.[K
remote: Counting objects:  10% (1/10)[Kremote: Counting objects:  20% (2/10)[Kremote: Counting objects:  30% (3/10)[Kremote: Counting objects:  40% (4/10)[Kremote: Counting objects:  50% (5/10)[Kremote: Counting objects:  60% (6/10)[Kremote: Counting objects:  70% (7/10)[Kremote: Counting objects:  80% (8/10)[Kremote: Counting objects:  90% (9/10)[Kremote: Counting objects: 100% (10/10)[Kremote: Counting objects: 100% (10/10), done.[K
remote: Compressing objects:  20% (1/5)[Kremote: Compressing objects:  40% (2/5)[Kremote: Compressing objects:  60% (3/5)[Kremote: Compressing objects:  80% (4/5)[Kremote: Compressing objects: 100% (5/5)[Kremote: Compressing objects: 100% (5/5), done.[K
remote: Total 10 (delta 0), reused 4 (delta 0), pack-reused 0[K
Unpacking objects:  10% (1/10)Unpacking objects:  20% (2/10)Unpacking objects:  30% (3/10)Unpacking objects:  40% (4/10)Unpacking objects:  50% (5/10)Unpacking objects:  60% (6/10)Unpacking objects:  70% (7/10)Unpacking objects:  80% (8/10)Unpacking objects:  90% (9/10)Unpacking objects: 100% (10/10)Unpacking objects: 100% (10/10), 1.60 KiB | 4.00 KiB/s, done.
]0;/home/cdswcdsw@73q97ctzx0z2xdwb:~$ ls
file.test  MyProjectFile  portal  README.md
]0;/home/cdswcdsw@73q97ctzx0z2xdwb:~$ cd portal
]0;/home/cdsw/portalcdsw@73q97ctzx0z2xdwb:~/portal$ ls
Buckeye.text.txt  README.md  test.text
]0;/home/cdsw/portalcdsw@73q97ctzx0z2xdwb:~/portal$ echo "another_test" > testingR.txt
]0;/home/cdsw/portalcdsw@73q97ctzx0z2xdwb:~/portal$ git commit .
On branch main
Your branch is up to date with 'origin/main'.

Untracked files:
  (use "git add <file>..." to include in what will be committed)
	[31mtestingR.txt[m

nothing added to commit but untracked files present (use "git add" to track)
]0;/home/cdsw/portalcdsw@73q97ctzx0z2xdwb:~/portal$ ls
Buckeye.text.txt  README.md  testingR.txt  test.text
]0;/home/cdsw/portalcdsw@73q97ctzx0z2xdwb:~/portal$ git add .
]0;/home/cdsw/portalcdsw@73q97ctzx0z2xdwb:~/portal$ git commit 
hint: Waiting for your editor to close the file... error: cannot run vim: No such file or directory
error: unable to start editor 'vim'
Please supply the message using either -m or -F option.
]0;/home/cdsw/portalcdsw@73q97ctzx0z2xdwb:~/portal$ git commit .
hint: Waiting for your editor to close the file... error: cannot run vim: No such file or directory
error: unable to start editor 'vim'
Please supply the message using either -m or -F option.
]0;/home/cdsw/portalcdsw@73q97ctzx0z2xdwb:~/portal$ git commit *
hint: Waiting for your editor to close the file... error: cannot run vim: No such file or directory
error: unable to start editor 'vim'
Please supply the message using either -m or -F option.
]0;/home/cdsw/portalcdsw@73q97ctzx0z2xdwb:~/portal$ cd..[K[K ..
]0;/home/cdswcdsw@73q97ctzx0z2xdwb:~$ git commit 
On branch main
Your branch is up to date with 'origin/main'.

Untracked files:
  (use "git add <file>..." to include in what will be committed)
	[31m.Rprofile[m
	[31m.cache/[m
	[31m.conda/[m
	[31m.config/[m
	[31m.ipython/[m
	[31m.jupyter/[m
	[31m.local/[m
	[31m.pip/[m
	[31mfile.test[m
	[31mportal/[m

nothing added to commit but untracked files present (use "git add" to track)
]0;/home/cdswcdsw@73q97ctzx0z2xdwb:~$ cd/portal
bash: cd/portal: No such file or directory
]0;/home/cdswcdsw@73q97ctzx0z2xdwb:~$ cd portal
]0;/home/cdsw/portalcdsw@73q97ctzx0z2xdwb:~/portal$ git commit .
hint: Waiting for your editor to close the file... error: cannot run vim: No such file or directory
error: unable to start editor 'vim'
Please supply the message using either -m or -F option.
]0;/home/cdsw/portalcdsw@73q97ctzx0z2xdwb:~/portal$ git commit -m "test"
[main 1b3295c] test
 1 file changed, 1 insertion(+)
 create mode 100644 testingR.txt
]0;/home/cdsw/portalcdsw@73q97ctzx0z2xdwb:~/portal$ git push
TTY detected. Printing informational message about logging configuration. Logging configuration loaded from '/etc/rstudio/logging.conf'. Logging to '/home/cdsw/.local/share/rstudio/log/rpostback.log'.
TTY detected. Printing informational message about logging configuration. Logging configuration loaded from '/etc/rstudio/logging.conf'. Logging to '/home/cdsw/.local/share/rstudio/log/rpostback.log'.
Enumerating objects: 4, done.
Counting objects:  25% (1/4)Counting objects:  50% (2/4)Counting objects:  75% (3/4)Counting objects: 100% (4/4)Counting objects: 100% (4/4), done.
Delta compression using up to 16 threads
Compressing objects:  50% (1/2)Compressing objects: 100% (2/2)Compressing objects: 100% (2/2), done.
Writing objects:  33% (1/3)Writing objects:  66% (2/3)Writing objects: 100% (3/3)Writing objects: 100% (3/3), 287 bytes | 95.00 KiB/s, done.
Total 3 (delta 1), reused 0 (delta 0)
remote: Resolving deltas:   0% (0/1)[Kremote: Resolving deltas: 100% (1/1)[Kremote: Resolving deltas: 100% (1/1), completed with 1 local object.[K
To https://github.com/BuckeyeTerp/portal.git
   784382d..1b3295c  main -> main
]0;/home/cdsw/portalcdsw@73q97ctzx0z2xdwb:~/portal$ cd ..
]0;/home/cdswcdsw@73q97ctzx0z2xdwb:~$ git add .
